---
source: src/services/assets/versions/steam_info.rs
expression: data
---
{
  "client_version": 6514,
  "server_version": 6514,
  "product_name": "citadel",
  "app_id": 1422450,
  "server_app_id": 1422460,
  "tools_app_id": 211,
  "source_revision": 10680308,
  "version_date": "May 22 2026",
  "version_time": "14:44:16",
  "version_datetime": "2026-05-22T14:44:16"
}
