---
source: src/utils/kv3.rs
expression: value
---
{
  "_localization_path": "resource/localization/citadel_vdata/accolades/accolades_%language%.txt",
  "ability_damage": {
    "m_eThresholdType": "Automatic",
    "m_sDescription": "#Citadel_VData_accolades_ability_damage_Description:f",
    "m_sFlavorName": "#Citadel_VData_accolades_ability_damage_FlavorName",
    "m_sTrackedStatName": "ability_damage",
    "m_unAccoladeID": 24
  },
  "ability_kills": {
    "m_eThresholdType": "Automatic",
    "m_sDescription": "#Citadel_VData_accolades_ability_kills_Description:f",
    "m_sFlavorName": "#Citadel_VData_accolades_ability_kills_FlavorName",
    "m_sTrackedStatName": "ability_kills",
    "m_unAccoladeID": 21
  },
  "assists": {
    "m_eThresholdType": "Automatic",
    "m_sDescription": "#Citadel_VData_accolades_assists_Description:f",
    "m_sFlavorName": "#Citadel_VData_accolades_assists_FlavorName",
    "m_sTrackedStatName": "assists",
    "m_unAccoladeID": 2
  },
  "breakables_destroyed": {
    "m_eThresholdType": "Automatic",
    "m_sDescription": "#Citadel_VData_accolades_breakables_destroyed_Description:f",
    "m_sFlavorName": "#Citadel_VData_accolades_breakables_destroyed_FlavorName",
    "m_sTrackedStatName": "breakables_destroyed",
    "m_unAccoladeID": 11,
    "m_vecEnabledGameModes": [
      "k_ECitadelGameMode_Normal"
    ]
  },
  "bullet_damage": {
    "m_eThresholdType": "Automatic",
    "m_sDescription": "#Citadel_VData_accolades_bullet_damage_Description:f",
    "m_sFlavorName": "#Citadel_VData_accolades_bullet_damage_FlavorName",
    "m_sTrackedStatName": "bullet_damage",
    "m_unAccoladeID": 22
  },
  "closeup_damage": {
    "m_eThresholdType": "Automatic",
    "m_sDescription": "#Citadel_VData_accolades_closeup_damage_Description:f",
    "m_sFlavorName": "#Citadel_VData_accolades_closeup_damage_FlavorName",
    "m_sTrackedStatName": "closeup_damage",
    "m_unAccoladeID": 30
  },
  "closeup_kills": {
    "m_eThresholdType": "Automatic",
    "m_sDescription": "#Citadel_VData_accolades_closeup_kills_Description:f",
    "m_sFlavorName": "#Citadel_VData_accolades_closeup_kills_FlavorName",
    "m_sTrackedStatName": "closeup_kills",
    "m_unAccoladeID": 17
  },
  "damage_absorbed": {
    "m_eThresholdType": "Automatic",
    "m_sDescription": "#Citadel_VData_accolades_damage_absorbed_Description:f",
    "m_sFlavorName": "#Citadel_VData_accolades_damage_absorbed_FlavorName",
    "m_sTrackedStatName": "damage_absorbed",
    "m_unAccoladeID": 26
  },
  "damage_mitigated": {
    "m_eThresholdType": "Automatic",
    "m_sDescription": "#Citadel_VData_accolades_damage_mitigated_Description:f",
    "m_sFlavorName": "#Citadel_VData_accolades_damage_mitigated_FlavorName",
    "m_sTrackedStatName": "damage_mitigated",
    "m_unAccoladeID": 27
  },
  "denies": {
    "m_eThresholdType": "Automatic",
    "m_sDescription": "#Citadel_VData_accolades_denies_Description:f",
    "m_sFlavorName": "#Citadel_VData_accolades_denies_FlavorName",
    "m_sTrackedStatName": "denies",
    "m_unAccoladeID": 10,
    "m_vecEnabledGameModes": [
      "k_ECitadelGameMode_Normal"
    ]
  },
  "first_blood": {
    "m_eThresholdType": "Manual",
    "m_sDescription": "#Citadel_VData_accolades_first_blood_Description:f",
    "m_sFlavorName": "#Citadel_VData_accolades_first_blood_FlavorName",
    "m_sTrackedStatName": "first_blood",
    "m_unAccoladeID": 15,
    "m_vecThresholds": [
      1
    ]
  },
  "generic_data_type": "CAccoladeDefinition",
  "gun_kills": {
    "m_eThresholdType": "Automatic",
    "m_sDescription": "#Citadel_VData_accolades_gun_kills_Description:f",
    "m_sFlavorName": "#Citadel_VData_accolades_gun_kills_FlavorName",
    "m_sTrackedStatName": "gun_kills",
    "m_unAccoladeID": 19
  },
  "headshot_damage": {
    "m_eThresholdType": "Automatic",
    "m_sDescription": "#Citadel_VData_accolades_headshot_damage_Description:f",
    "m_sFlavorName": "#Citadel_VData_accolades_headshot_damage_FlavorName",
    "m_sTrackedStatName": "headshot_damage",
    "m_unAccoladeID": 29
  },
  "headshots": {
    "m_eThresholdType": "Automatic",
    "m_sDescription": "#Citadel_VData_accolades_headshots_Description:f",
    "m_sFlavorName": "#Citadel_VData_accolades_headshots_FlavorName",
    "m_sTrackedStatName": "headshots",
    "m_unAccoladeID": 28
  },
  "healing": {
    "m_eThresholdType": "Automatic",
    "m_sDescription": "#Citadel_VData_accolades_healing_Description:f",
    "m_sFlavorName": "#Citadel_VData_accolades_healing_FlavorName",
    "m_sTrackedStatName": "healing",
    "m_unAccoladeID": 3
  },
  "kills": {
    "m_eThresholdType": "Automatic",
    "m_sDescription": "#Citadel_VData_accolades_kills_Description:f",
    "m_sFlavorName": "#Citadel_VData_accolades_kills_FlavorName",
    "m_sTrackedStatName": "kills",
    "m_unAccoladeID": 1
  },
  "killstreak_kills": {
    "m_eThresholdType": "Automatic",
    "m_sDescription": "#Citadel_VData_accolades_killstreak_kills_Description:f",
    "m_sFlavorName": "#Citadel_VData_accolades_killstreak_kills_FlavorName",
    "m_sTrackedStatName": "killstreak_kills",
    "m_unAccoladeID": 16
  },
  "last_hits": {
    "m_eThresholdType": "Automatic",
    "m_sDescription": "#Citadel_VData_accolades_last_hits_Description:f",
    "m_sFlavorName": "#Citadel_VData_accolades_last_hits_FlavorName",
    "m_sTrackedStatName": "last_hits",
    "m_unAccoladeID": 8
  },
  "long_distance_damage": {
    "m_eThresholdType": "Automatic",
    "m_sDescription": "#Citadel_VData_accolades_long_distance_damage_Description:f",
    "m_sFlavorName": "#Citadel_VData_accolades_long_distance_damage_FlavorName",
    "m_sTrackedStatName": "long_distance_damage",
    "m_unAccoladeID": 31
  },
  "long_distance_kills": {
    "m_eThresholdType": "Automatic",
    "m_sDescription": "#Citadel_VData_accolades_long_distance_kills_Description:f",
    "m_sFlavorName": "#Citadel_VData_accolades_long_distance_kills_FlavorName",
    "m_sTrackedStatName": "long_distance_kills",
    "m_unAccoladeID": 18
  },
  "melee_damage": {
    "m_eThresholdType": "Automatic",
    "m_sDescription": "#Citadel_VData_accolades_melee_damage_Description:f",
    "m_sFlavorName": "#Citadel_VData_accolades_melee_damage_FlavorName",
    "m_sTrackedStatName": "melee_damage",
    "m_unAccoladeID": 23
  },
  "melee_kills": {
    "m_eThresholdType": "Automatic",
    "m_sDescription": "#Citadel_VData_accolades_melee_kills_Description:f",
    "m_sFlavorName": "#Citadel_VData_accolades_melee_kills_FlavorName",
    "m_sTrackedStatName": "melee_kills",
    "m_unAccoladeID": 20
  },
  "net_worth": {
    "m_eThresholdType": "Automatic",
    "m_sDescription": "#Citadel_VData_accolades_net_worth_Description:f",
    "m_sFlavorName": "#Citadel_VData_accolades_net_worth_FlavorName",
    "m_sTrackedStatName": "net_worth",
    "m_unAccoladeID": 5,
    "m_vecEnabledGameModes": [
      "k_ECitadelGameMode_Normal"
    ]
  },
  "neutral_last_hits": {
    "m_eThresholdType": "Automatic",
    "m_sDescription": "#Citadel_VData_accolades_neutral_last_hits_Description:f",
    "m_sFlavorName": "#Citadel_VData_accolades_neutral_last_hits_FlavorName",
    "m_sTrackedStatName": "neutral_last_hits",
    "m_unAccoladeID": 7,
    "m_vecEnabledGameModes": [
      "k_ECitadelGameMode_Normal"
    ]
  },
  "pickups_collected_powerup": {
    "m_eThresholdType": "Automatic",
    "m_sDescription": "#Citadel_VData_accolades_pickups_collected_powerup_Description:f",
    "m_sFlavorName": "#Citadel_VData_accolades_pickups_collected_powerup_FlavorName",
    "m_sTrackedStatName": "pickups_collected_powerup",
    "m_unAccoladeID": 12,
    "m_vecEnabledGameModes": [
      "k_ECitadelGameMode_Normal"
    ]
  },
  "player_damage": {
    "m_eThresholdType": "Automatic",
    "m_sDescription": "#Citadel_VData_accolades_player_damage_Description:f",
    "m_sFlavorName": "#Citadel_VData_accolades_player_damage_FlavorName",
    "m_sTrackedStatName": "player_damage",
    "m_unAccoladeID": 4
  },
  "returned_idol": {
    "m_eThresholdType": "Automatic",
    "m_sDescription": "#Citadel_VData_accolades_returned_idol_Description:f",
    "m_sFlavorName": "#Citadel_VData_accolades_returned_idol_FlavorName",
    "m_sTrackedStatName": "returned_idol",
    "m_unAccoladeID": 13,
    "m_vecEnabledGameModes": [
      "k_ECitadelGameMode_Normal"
    ]
  },
  "secures": {
    "m_eThresholdType": "Automatic",
    "m_sDescription": "#Citadel_VData_accolades_secures_Description:f",
    "m_sFlavorName": "#Citadel_VData_accolades_secures_FlavorName",
    "m_sTrackedStatName": "secures",
    "m_unAccoladeID": 9,
    "m_vecEnabledGameModes": [
      "k_ECitadelGameMode_Normal"
    ]
  },
  "sinners_sacrifice_jackpot": {
    "m_eThresholdType": "Automatic",
    "m_sDescription": "#Citadel_VData_accolades_sinners_sacrifice_jackpot_Description:f",
    "m_sFlavorName": "#Citadel_VData_accolades_sinners_sacrifice_jackpot_FlavorName",
    "m_sTrackedStatName": "sinners_sacrifice_jackpot",
    "m_unAccoladeID": 14,
    "m_vecEnabledGameModes": [
      "k_ECitadelGameMode_Normal"
    ]
  },
  "trooper_last_hits": {
    "m_eThresholdType": "Automatic",
    "m_sDescription": "#Citadel_VData_accolades_trooper_last_hits_Description:f",
    "m_sFlavorName": "#Citadel_VData_accolades_trooper_last_hits_FlavorName",
    "m_sTrackedStatName": "trooper_last_hits",
    "m_unAccoladeID": 6
  },
  "weapon_damage": {
    "m_eThresholdType": "Automatic",
    "m_sDescription": "#Citadel_VData_accolades_weapon_damage_Description:f",
    "m_sFlavorName": "#Citadel_VData_accolades_weapon_damage_FlavorName",
    "m_sTrackedStatName": "weapon_damage",
    "m_unAccoladeID": 25
  }
}
