---
source: api/src/services/assets/versions/map/mod.rs
expression: map
---
{
  "radius": 10752,
  "images": {
    "minimap": "https://assets-bucket.deadlock-api.com/assets-api-res/images/maps/minimap_midtown_mid.png",
    "plain": "https://assets-bucket.deadlock-api.com/assets-api-res/images/maps/minimap_midtown_mid.png",
    "background": "https://assets-bucket.deadlock-api.com/assets-api-res/images/maps/minimap_bg.png",
    "frame": "https://assets-bucket.deadlock-api.com/assets-api-res/images/maps/minimap_frame.png",
    "mid": "https://assets-bucket.deadlock-api.com/assets-api-res/images/maps/minimap_midtown_mid.png",
    "mid_tunnels": "https://assets-bucket.deadlock-api.com/assets-api-res/images/maps/minimap_midtown_mid_tunnels.png",
    "rat_tunnels": "https://assets-bucket.deadlock-api.com/assets-api-res/images/maps/minimap_midtown_rat_tunnels.png"
  },
  "objective_positions": {
    "team0_core": {
      "left_relative": 0.35,
      "top_relative": 0.93
    },
    "team1_core": {
      "left_relative": 0.35,
      "top_relative": 0.0
    },
    "team0_titan": {
      "left_relative": 0.45,
      "top_relative": 0.79
    },
    "team1_titan": {
      "left_relative": 0.45,
      "top_relative": 0.11
    },
    "team0_tier2_1": {
      "left_relative": 0.25,
      "top_relative": 0.67
    },
    "team0_tier2_3": {
      "left_relative": 0.45,
      "top_relative": 0.67
    },
    "team0_tier2_4": {
      "left_relative": 0.65,
      "top_relative": 0.67
    },
    "team1_tier2_1": {
      "left_relative": 0.25,
      "top_relative": 0.25
    },
    "team1_tier2_3": {
      "left_relative": 0.45,
      "top_relative": 0.25
    },
    "team1_tier2_4": {
      "left_relative": 0.65,
      "top_relative": 0.25
    },
    "team0_tier1_1": {
      "left_relative": 0.21,
      "top_relative": 0.53
    },
    "team0_tier1_3": {
      "left_relative": 0.45,
      "top_relative": 0.53
    },
    "team0_tier1_4": {
      "left_relative": 0.69,
      "top_relative": 0.53
    },
    "team1_tier1_1": {
      "left_relative": 0.21,
      "top_relative": 0.39
    },
    "team1_tier1_3": {
      "left_relative": 0.45,
      "top_relative": 0.39
    },
    "team1_tier1_4": {
      "left_relative": 0.69,
      "top_relative": 0.39
    }
  },
  "zipline_paths": [
    {
      "origin": [
        -1280.0,
        -10774.0,
        1472.0
      ],
      "color": "#29b1cc",
      "P0_points": [
        [
          0.0,
          0.0,
          0.0
        ],
        [
          0.0,
          1158.0,
          288.0
        ],
        [
          0.0,
          1847.0,
          708.0
        ],
        [
          0.0,
          3046.0,
          1008.0
        ],
        [
          0.0,
          3942.0,
          467.0
        ],
        [
          0.0,
          4646.0,
          106.0
        ],
        [
          0.0,
          5110.0,
          48.0
        ],
        [
          0.0,
          5939.0,
          -128.0
        ],
        [
          0.0,
          6422.0,
          -192.0
        ],
        [
          16.0,
          6894.0,
          -224.0
        ],
        [
          96.0,
          7326.0,
          -288.0
        ],
        [
          304.0,
          7622.0,
          -416.0
        ],
        [
          736.0,
          7902.0,
          -448.0
        ],
        [
          1280.0,
          8214.0,
          -448.0
        ],
        [
          1408.0,
          9078.0,
          -448.0
        ],
        [
          1408.0,
          9558.0,
          -512.0
        ],
        [
          1408.0,
          10038.0,
          -576.0
        ],
        [
          1344.0,
          10390.0,
          -576.0
        ],
        [
          1280.0,
          10774.0,
          -576.0
        ],
        [
          1216.0,
          11158.0,
          -576.0
        ],
        [
          1152.0,
          11510.0,
          -576.0
        ],
        [
          1152.0,
          11990.0,
          -512.0
        ],
        [
          1152.0,
          12470.0,
          -448.0
        ],
        [
          1280.0,
          13334.0,
          -448.0
        ],
        [
          1824.0,
          13646.0,
          -448.0
        ],
        [
          2256.0,
          13926.0,
          -416.0
        ],
        [
          2480.0,
          14214.0,
          -288.0
        ],
        [
          2552.0,
          14630.0,
          -224.0
        ],
        [
          2560.0,
          15126.0,
          -192.0
        ],
        [
          2560.0,
          15606.0,
          -128.0
        ],
        [
          2560.0,
          16694.0,
          80.0
        ],
        [
          2560.0,
          17606.0,
          427.0
        ],
        [
          2534.0,
          18681.0,
          1008.0
        ],
        [
          2560.0,
          19542.0,
          656.0
        ],
        [
          2560.0,
          20390.0,
          288.0
        ],
        [
          2560.0,
          21328.0,
          154.0
        ],
        [
          2560.0,
          21558.0,
          52.0
        ]
      ],
      "P1_points": [
        [
          0.0,
          0.0,
          0.0
        ],
        [
          0.0,
          -328.0244,
          -148.0
        ],
        [
          0.0,
          -328.0244,
          -240.0
        ],
        [
          0.0,
          -409.288,
          47.082775
        ],
        [
          0.0,
          -303.91858,
          171.3341
        ],
        [
          0.0,
          -248.23149,
          89.048805
        ],
        [
          0.0,
          -153.37885,
          27.757656
        ],
        [
          0.0,
          -277.88126,
          50.83194
        ],
        [
          -2.7069387,
          -161.5704,
          16.241632
        ],
        [
          -16.57007,
          -156.03484,
          16.57007
        ],
        [
          -52.874886,
          -133.65596,
          35.249924
        ],
        [
          -93.47944,
          -84.13149,
          23.36986
        ],
        [
          -146.94646,
          -89.13146,
          4.817917
        ],
        [
          -103.71295,
          -181.49767,
          0.0
        ],
        [
          -27.572075,
          -289.50677,
          13.786037
        ],
        [
          0.0,
          -159.99998,
          21.333332
        ],
        [
          12.343787,
          -160.46924,
          12.343787
        ],
        [
          20.433626,
          -117.493355,
          0.0
        ],
        [
          21.333334,
          -128.00002,
          0.0
        ],
        [
          22.23419,
          -127.8466,
          0.0
        ],
        [
          9.119808,
          -118.5575,
          -9.119808
        ],
        [
          0.0,
          -159.99998,
          -21.333332
        ],
        [
          -15.286535,
          -160.50862,
          -7.6432676
        ],
        [
          -144.44754,
          -252.7832,
          0.0
        ],
        [
          -178.66113,
          -108.36823,
          -5.8577423
        ],
        [
          -127.82521,
          -110.67793,
          -31.176882
        ],
        [
          -48.447056,
          -115.22543,
          -31.42512
        ],
        [
          -12.370037,
          -141.01842,
          -14.844044
        ],
        [
          -1.3516169,
          -164.89725,
          -16.219402
        ],
        [
          0.0,
          -159.04079,
          -27.588707
        ],
        [
          0.0,
          -203.68408,
          -42.88086
        ],
        [
          3.855952,
          -294.68375,
          -137.62782
        ],
        [
          0.0,
          -404.59158,
          -47.857162
        ],
        [
          -4.3483286,
          -285.81934,
          160.0
        ],
        [
          0.0,
          -296.64056,
          83.37826
        ],
        [
          0.0,
          -309.58466,
          62.553066
        ],
        [
          0.0,
          -152.0,
          32.0
        ]
      ],
      "P2_points": [
        [
          16.0,
          606.0,
          26.0
        ],
        [
          0.0,
          430.0,
          186.0
        ],
        [
          0.0,
          430.0,
          265.0
        ],
        [
          0.0,
          483.0,
          -49.36621
        ],
        [
          0.0,
          229.72961,
          -129.51007
        ],
        [
          0.0,
          146.71558,
          -52.631702
        ],
        [
          0.0,
          277.97684,
          -50.306717
        ],
        [
          0.0,
          159.75632,
          -29.223719
        ],
        [
          2.6298916,
          156.97165,
          -15.77935
        ],
        [
          15.541885,
          146.35274,
          -15.541885
        ],
        [
          45.7017,
          115.52374,
          -30.467798
        ],
        [
          125.64575,
          113.08118,
          -31.411438
        ],
        [
          178.66113,
          108.36823,
          -5.8577423
        ],
        [
          144.44754,
          252.7832,
          0.0
        ],
        [
          15.286535,
          160.50862,
          -7.6432676
        ],
        [
          0.0,
          159.99998,
          -21.333332
        ],
        [
          -9.119808,
          118.5575,
          -9.119808
        ],
        [
          -22.23419,
          127.8466,
          0.0
        ],
        [
          -21.333334,
          128.00002,
          0.0
        ],
        [
          -20.433626,
          117.493355,
          0.0
        ],
        [
          -12.343787,
          160.46924,
          12.343787
        ],
        [
          0.0,
          159.99998,
          21.333332
        ],
        [
          27.572075,
          289.50677,
          13.786037
        ],
        [
          103.71295,
          181.49767,
          0.0
        ],
        [
          146.94646,
          89.13146,
          4.817917
        ],
        [
          95.82149,
          82.96739,
          23.371096
        ],
        [
          53.50289,
          127.25012,
          34.70458
        ],
        [
          14.400403,
          164.1646,
          17.280483
        ],
        [
          1.3166837,
          160.6354,
          15.800202
        ],
        [
          0.0,
          363.8015,
          63.108425
        ],
        [
          0.0,
          304.53662,
          64.11304
        ],
        [
          -4.8298483,
          369.11188,
          172.38843
        ],
        [
          0.0,
          308.03195,
          36.435596
        ],
        [
          4.319678,
          283.93555,
          -168.0
        ],
        [
          0.0,
          304.05853,
          -85.46326
        ],
        [
          0.0,
          82.20632,
          -16.610182
        ],
        [
          0.0,
          0.0,
          0.0
        ]
      ],
      "color_parsed": {
        "red": 41,
        "green": 177,
        "blue": 204,
        "alpha": 255
      }
    },
    {
      "origin": [
        -1088.0,
        -10790.0,
        1472.0
      ],
      "color": "#59b247",
      "P0_points": [
        [
          0.0,
          0.0,
          0.0
        ],
        [
          208.0,
          1174.0,
          288.0
        ],
        [
          288.0,
          1702.0,
          256.0
        ],
        [
          272.0,
          2470.0,
          128.0
        ],
        [
          304.0,
          3302.0,
          48.0
        ],
        [
          1376.0,
          4198.0,
          0.0
        ],
        [
          2784.0,
          4438.0,
          -160.0
        ],
        [
          3403.0,
          4518.0,
          -224.0
        ],
        [
          4170.5,
          4773.75,
          -448.0
        ],
        [
          5165.75,
          5669.75,
          -480.0
        ],
        [
          5840.0,
          5686.0,
          -536.0
        ],
        [
          6218.75,
          5684.5,
          -536.0
        ],
        [
          6480.0,
          5798.0,
          -536.0
        ],
        [
          6698.5,
          6182.0,
          -551.5
        ],
        [
          6784.0,
          6822.0,
          -564.0
        ],
        [
          7488.0,
          7270.0,
          -608.0
        ],
        [
          7627.25,
          7673.5,
          -640.0
        ],
        [
          8285.0,
          8230.5,
          -658.0
        ],
        [
          8267.0,
          8870.25,
          -686.5
        ],
        [
          8377.25,
          9638.0,
          -704.0
        ],
        [
          8535.75,
          10402.5,
          -726.25
        ],
        [
          8714.75,
          10789.75,
          -738.25
        ],
        [
          8893.0,
          11178.5,
          -734.75
        ],
        [
          9041.25,
          12070.0,
          -704.0
        ],
        [
          9280.0,
          12659.5,
          -690.25
        ],
        [
          9312.0,
          12998.0,
          -680.0
        ],
        [
          9255.0,
          13238.0,
          -666.5
        ],
        [
          8640.0,
          13606.0,
          -576.0
        ],
        [
          8304.0,
          13774.0,
          -544.0
        ],
        [
          8000.0,
          13990.0,
          -512.0
        ],
        [
          7856.766,
          14502.0,
          -512.0
        ],
        [
          7936.0,
          15142.0,
          -512.0
        ],
        [
          7552.0,
          15590.0,
          -441.83838
        ],
        [
          6976.0,
          15974.0,
          -384.0
        ],
        [
          6407.9785,
          16371.734,
          -352.0
        ],
        [
          6016.9844,
          16678.0,
          -320.0
        ],
        [
          5504.0,
          16998.0,
          -256.0
        ],
        [
          5114.7905,
          17242.246,
          -194.0
        ],
        [
          4320.0,
          17398.0,
          -48.0
        ],
        [
          3680.0,
          17638.0,
          48.0
        ],
        [
          2864.0,
          18278.0,
          48.0
        ],
        [
          2816.0,
          18918.0,
          128.0
        ],
        [
          2768.0,
          19878.0,
          256.0
        ],
        [
          2688.0,
          20406.0,
          288.0
        ],
        [
          2566.0,
          21292.0,
          110.0
        ],
        [
          2422.0,
          21590.0,
          48.0
        ]
      ],
      "P1_points": [
        [
          0.0,
          0.0,
          0.0
        ],
        [
          -63.0,
          -343.45312,
          -41.60974
        ],
        [
          -8.729492,
          -176.77222,
          21.823729
        ],
        [
          -2.5740724,
          -257.40726,
          33.462944
        ],
        [
          -45.0,
          -263.98926,
          -11.175781
        ],
        [
          -170.96576,
          -64.0,
          0.0
        ],
        [
          -272.0,
          -16.0,
          54.686157
        ],
        [
          -339.0,
          -44.98584,
          48.0
        ],
        [
          -232.5296,
          -151.93079,
          33.769726
        ],
        [
          -391.41376,
          -213.87672,
          20.631573
        ],
        [
          -225.2485,
          -3.1551905,
          11.979028
        ],
        [
          -124.36108,
          -21.763187,
          0.0
        ],
        [
          -65.89055,
          -68.3284,
          2.1288245
        ],
        [
          -41.924408,
          -141.21906,
          3.8614585
        ],
        [
          -64.0,
          -96.0,
          11.602295
        ],
        [
          -195.60277,
          -197.51648,
          17.629185
        ],
        [
          -91.0399,
          -109.71621,
          5.711412
        ],
        [
          -135.39565,
          -253.27821,
          9.841185
        ],
        [
          -13.958779,
          -212.9754,
          6.9604754
        ],
        [
          -44.66209,
          -254.63622,
          6.6058345
        ],
        [
          -73.18491,
          -249.75029,
          7.4269137
        ],
        [
          -59.489204,
          -129.21938,
          1.4154184
        ],
        [
          -35.21757,
          -138.09279,
          -3.6943395
        ],
        [
          -76.173515,
          -291.5064,
          -8.758969
        ],
        [
          -59.37359,
          -203.50394,
          -5.263033
        ],
        [
          4.8913994,
          -113.18698,
          -4.6468296
        ],
        [
          60.666065,
          -54.888344,
          -9.388796
        ],
        [
          208.46222,
          -117.492905,
          -26.852388
        ],
        [
          107.36996,
          -64.42197,
          -10.736996
        ],
        [
          65.261925,
          -106.232285,
          -4.6695514
        ],
        [
          9.830356,
          -176.9464,
          0.0
        ],
        [
          57.87098,
          -206.59654,
          -13.322746
        ],
        [
          148.92467,
          -129.06805,
          -19.856623
        ],
        [
          190.78616,
          -130.3682,
          -14.982165
        ],
        [
          186.25633,
          -136.72818,
          -12.429834
        ],
        [
          135.85269,
          -94.11722,
          -14.427177
        ],
        [
          170.63336,
          -106.71677,
          -23.830582
        ],
        [
          144.43748,
          -48.796444,
          -25.374151
        ],
        [
          261.0179,
          -71.99577,
          -44.024776
        ],
        [
          224.0,
          -80.0,
          0.0
        ],
        [
          48.0,
          -320.0,
          -13.9696045
        ],
        [
          48.0,
          -256.0,
          -34.397827
        ],
        [
          0.0,
          -256.0,
          -48.106567
        ],
        [
          16.0,
          -272.0,
          30.946045
        ],
        [
          65.36307,
          -290.93936,
          58.974194
        ],
        [
          0.0,
          -204.0,
          28.0
        ]
      ],
      "P2_points": [
        [
          -4.0,
          549.0,
          14.0
        ],
        [
          44.796417,
          272.0,
          19.0
        ],
        [
          12.70722,
          257.32123,
          -31.768051
        ],
        [
          2.764764,
          276.4764,
          -35.941933
        ],
        [
          47.0,
          326.78857,
          13.834351
        ],
        [
          204.09747,
          32.0,
          -32.0
        ],
        [
          256.0,
          16.0,
          -16.0
        ],
        [
          221.0,
          36.032227,
          -48.0
        ],
        [
          371.06464,
          242.44717,
          -53.88884
        ],
        [
          197.75157,
          108.055626,
          -10.423563
        ],
        [
          126.06049,
          1.7658046,
          -6.704072
        ],
        [
          93.52535,
          16.366938,
          0.0
        ],
        [
          102.26506,
          106.048706,
          -3.30403
        ],
        [
          61.244144,
          206.29607,
          -5.640908
        ],
        [
          64.0,
          160.0,
          -15.000549
        ],
        [
          100.19872,
          101.17903,
          -9.030659
        ],
        [
          183.35489,
          220.96907,
          -11.502816
        ],
        [
          100.61479,
          188.21532,
          -7.3131504
        ],
        [
          16.904324,
          257.9169,
          -8.429256
        ],
        [
          44.96441,
          256.35986,
          -6.6505494
        ],
        [
          39.989014,
          136.46622,
          -4.0581446
        ],
        [
          59.613884,
          129.4902,
          -1.4183849
        ],
        [
          74.46194,
          291.9752,
          7.811092
        ],
        [
          53.588947,
          205.07811,
          6.162036
        ],
        [
          31.747835,
          108.816216,
          2.8142126
        ],
        [
          -3.552396,
          82.202446,
          3.3747761
        ],
        [
          -177.39363,
          160.499,
          27.453777
        ],
        [
          -108.79859,
          61.320763,
          14.01454
        ],
        [
          -106.59366,
          63.956192,
          10.659366
        ],
        [
          -92.69987,
          150.89532,
          6.6327615
        ],
        [
          -11.923948,
          214.63107,
          0.0
        ],
        [
          -53.323177,
          190.36111,
          12.275776
        ],
        [
          -174.10524,
          150.89122,
          23.214033
        ],
        [
          -190.64525,
          130.27191,
          14.971101
        ],
        [
          -133.53987,
          98.029755,
          8.911796
        ],
        [
          -165.9589,
          114.97446,
          17.624372
        ],
        [
          -130.12851,
          81.3844,
          18.17369
        ],
        [
          -256.3638,
          86.6094,
          45.036884
        ],
        [
          -218.91898,
          60.383755,
          36.92413
        ],
        [
          -295.3736,
          178.52249,
          19.475182
        ],
        [
          0.0,
          260.72656,
          14.169922
        ],
        [
          -48.0,
          256.0,
          27.277588
        ],
        [
          0.0,
          256.0,
          25.796753
        ],
        [
          -16.0,
          240.0,
          -64.0
        ],
        [
          -24.13573,
          107.43123,
          -21.776598
        ],
        [
          0.0,
          0.0,
          0.0
        ]
      ],
      "color_parsed": {
        "red": 89,
        "green": 178,
        "blue": 71,
        "alpha": 255
      }
    },
    {
      "origin": [
        1218.0,
        10784.0,
        1524.0
      ],
      "color": "#F1CC30",
      "P0_points": [
        [
          0.0,
          0.0,
          0.0
        ],
        [
          -146.0,
          -282.0,
          58.0
        ],
        [
          -258.0,
          -1168.0,
          236.0
        ],
        [
          -338.0,
          -1696.0,
          204.0
        ],
        [
          -402.0,
          -2464.0,
          76.0
        ],
        [
          -434.0,
          -3296.0,
          -4.0
        ],
        [
          -1730.0,
          -4192.0,
          -4.0
        ],
        [
          -2914.0,
          -4297.4097,
          -100.0
        ],
        [
          -3539.8735,
          -4243.2866,
          -94.0
        ],
        [
          -4414.145,
          -4352.3564,
          -164.0
        ],
        [
          -5469.2886,
          -5072.9316,
          -404.0
        ],
        [
          -5970.0,
          -5380.539,
          -468.0
        ],
        [
          -6338.0,
          -5550.5,
          -471.5
        ],
        [
          -6746.0,
          -5800.0,
          -508.0
        ],
        [
          -6898.0,
          -6176.0,
          -500.0
        ],
        [
          -6997.36,
          -6816.0,
          -588.0
        ],
        [
          -7362.0,
          -7264.0,
          -644.0
        ],
        [
          -7682.0,
          -7731.5,
          -692.0
        ],
        [
          -8212.0,
          -8224.0,
          -710.0
        ],
        [
          -8386.0,
          -8864.0,
          -738.5
        ],
        [
          -8496.0,
          -9632.0,
          -756.0
        ],
        [
          -8655.0,
          -10397.0,
          -778.25
        ],
        [
          -8834.0,
          -10784.0,
          -790.25
        ],
        [
          -9012.5,
          -11172.75,
          -786.75
        ],
        [
          -9160.291,
          -12064.0,
          -756.0
        ],
        [
          -9399.25,
          -12653.5,
          -742.25
        ],
        [
          -9442.0,
          -12992.0,
          -732.0
        ],
        [
          -9374.25,
          -13232.25,
          -718.5
        ],
        [
          -8770.0,
          -13600.0,
          -628.0
        ],
        [
          -8434.0,
          -13768.0,
          -596.0
        ],
        [
          -8130.0,
          -13984.0,
          -564.0
        ],
        [
          -8002.0,
          -14496.0,
          -564.0
        ],
        [
          -7746.0,
          -15136.0,
          -564.0
        ],
        [
          -7362.0,
          -15648.0,
          -500.0
        ],
        [
          -6658.0,
          -15968.0,
          -500.0
        ],
        [
          -6210.0,
          -16160.0,
          -500.0
        ],
        [
          -5890.0,
          -16480.0,
          -500.0
        ],
        [
          -5570.0,
          -16672.0,
          -500.0
        ],
        [
          -5058.0,
          -17182.0,
          -260.0
        ],
        [
          -4450.0,
          -17392.0,
          -100.0
        ],
        [
          -3810.0,
          -17632.0,
          -4.0
        ],
        [
          -2994.0,
          -18272.0,
          -4.0
        ],
        [
          -2962.0,
          -19104.0,
          76.0
        ],
        [
          -2978.0,
          -19872.0,
          204.0
        ],
        [
          -2898.0,
          -20400.0,
          236.0
        ],
        [
          -2690.0,
          -21574.0,
          -52.0
        ]
      ],
      "P1_points": [
        [
          0.0,
          0.0,
          0.0
        ],
        [
          22.769869,
          103.0822,
          -20.828253
        ],
        [
          16.0,
          240.0,
          -28.0
        ],
        [
          16.0,
          256.0,
          26.832153
        ],
        [
          64.0,
          256.0,
          27.277588
        ],
        [
          0.0,
          320.0,
          14.169922
        ],
        [
          240.0,
          64.0,
          0.0
        ],
        [
          378.0,
          76.0,
          12.003906
        ],
        [
          176.0,
          24.0,
          10.0
        ],
        [
          267.74686,
          115.13068,
          43.019012
        ],
        [
          356.83005,
          235.81018,
          69.72136
        ],
        [
          172.27122,
          94.70497,
          13.385697
        ],
        [
          118.74609,
          64.1873,
          6.1209326
        ],
        [
          106.580086,
          119.04614,
          5.4241652
        ],
        [
          32.378513,
          130.87439,
          10.30507
        ],
        [
          84.84197,
          198.93979,
          26.330265
        ],
        [
          115.37782,
          154.28308,
          17.526424
        ],
        [
          125.46863,
          141.70575,
          9.74227
        ],
        [
          127.284386,
          204.75792,
          8.407278
        ],
        [
          43.72985,
          216.80151,
          7.083004
        ],
        [
          44.69339,
          254.70247,
          6.6043205
        ],
        [
          73.32556,
          249.91432,
          7.4301786
        ],
        [
          59.507732,
          129.12761,
          1.4148691
        ],
        [
          35.211487,
          138.13017,
          -3.6960614
        ],
        [
          76.11239,
          291.41156,
          -8.757599
        ],
        [
          61.585262,
          202.87325,
          -5.246722
        ],
        [
          -4.9062414,
          113.57949,
          -4.660929
        ],
        [
          -61.38796,
          55.54149,
          -9.500518
        ],
        [
          -205.22334,
          116.935295,
          -26.737421
        ],
        [
          -107.36996,
          64.42197,
          -10.736996
        ],
        [
          -63.624508,
          107.21908,
          -4.712927
        ],
        [
          -55.630527,
          166.89159,
          0.0
        ],
        [
          -111.45338,
          200.61607,
          -11.145338
        ],
        [
          -170.12257,
          130.09373,
          -10.007211
        ],
        [
          -235.55469,
          104.69097,
          0.0
        ],
        [
          -135.18307,
          90.12205,
          0.0
        ],
        [
          -117.793625,
          94.2349,
          0.0
        ],
        [
          -92.843376,
          78.3366,
          -26.781744
        ],
        [
          -204.48378,
          131.45386,
          -73.02992
        ],
        [
          -204.08443,
          73.588135,
          -41.863476
        ],
        [
          -196.5932,
          118.82005,
          -12.962189
        ],
        [
          -172.36543,
          299.20038,
          -16.26089
        ],
        [
          -2.764764,
          276.4764,
          -35.941933
        ],
        [
          -12.70722,
          257.32123,
          -31.768051
        ],
        [
          -48.0,
          272.0,
          30.0
        ],
        [
          -12.0,
          721.0,
          -23.0
        ]
      ],
      "P2_points": [
        [
          -16.0,
          -234.0,
          88.0
        ],
        [
          -64.23242,
          -290.78906,
          40.0
        ],
        [
          0.0,
          -272.0,
          31.273315
        ],
        [
          0.0,
          -256.0,
          -47.825684
        ],
        [
          -16.0,
          -256.0,
          -34.397827
        ],
        [
          -48.0,
          -320.0,
          -13.9696045
        ],
        [
          -224.0,
          -80.0,
          0.0
        ],
        [
          -209.07053,
          -5.924459,
          -10.396499
        ],
        [
          -128.0,
          -40.0,
          -6.0
        ],
        [
          -393.84152,
          -169.35117,
          -63.278698
        ],
        [
          -162.24757,
          -107.22088,
          -31.70171
        ],
        [
          -118.13583,
          -64.94439,
          -9.179307
        ],
        [
          -140.50053,
          -75.9465,
          -7.2422957
        ],
        [
          -90.138275,
          -100.68124,
          -4.5873947
        ],
        [
          -52.17228,
          -210.88106,
          -16.604809
        ],
        [
          -75.331116,
          -176.63847,
          -23.37862
        ],
        [
          -113.03448,
          -151.14957,
          -17.170458
        ],
        [
          -159.71053,
          -180.37895,
          -12.401052
        ],
        [
          -116.75254,
          -187.8157,
          -7.711638
        ],
        [
          -51.120316,
          -253.44157,
          -8.280051
        ],
        [
          -45.01767,
          -256.5505,
          -6.65224
        ],
        [
          -40.014297,
          -136.38008,
          -4.054703
        ],
        [
          -59.678707,
          -129.49861,
          -1.4189342
        ],
        [
          -74.404465,
          -291.87924,
          7.81005
        ],
        [
          -53.571575,
          -205.10953,
          6.164021
        ],
        [
          -33.040527,
          -108.841606,
          2.8148694
        ],
        [
          3.5931206,
          -83.18074,
          3.4134645
        ],
        [
          175.12003,
          -158.44193,
          27.10191
        ],
        [
          108.498795,
          -61.822098,
          14.135711
        ],
        [
          106.59366,
          -63.956192,
          10.659366
        ],
        [
          89.71106,
          -151.17975,
          6.645264
        ],
        [
          72.658714,
          -217.97615,
          0.0
        ],
        [
          103.997986,
          -187.19637,
          10.399798
        ],
        [
          204.53973,
          -156.41275,
          12.03175
        ],
        [
          148.4668,
          -65.985245,
          0.0
        ],
        [
          125.51433,
          -83.676216,
          0.0
        ],
        [
          97.13512,
          -77.70809,
          0.0
        ],
        [
          189.44673,
          -159.84567,
          54.648094
        ],
        [
          177.99817,
          -114.42739,
          63.570774
        ],
        [
          212.51558,
          -76.62821,
          43.59294
        ],
        [
          295.3736,
          -178.52249,
          19.475182
        ],
        [
          139.02524,
          -241.32683,
          13.115588
        ],
        [
          2.5740724,
          -257.40726,
          33.462944
        ],
        [
          8.729492,
          -176.77222,
          21.823729
        ],
        [
          0.0,
          -166.0664,
          -32.0
        ],
        [
          0.0,
          0.0,
          0.0
        ]
      ],
      "color_parsed": {
        "red": 241,
        "green": 204,
        "blue": 48,
        "alpha": 255
      }
    }
  ],
  "neutral_camps": [
    {
      "name": "chinatown_bell_1",
      "kind": "vault",
      "position": [
        3248.0,
        -1888.0,
        2499.0
      ],
      "left_relative": 0.6510416666666666,
      "top_relative": 0.5877976190476191,
      "icon": "https://assets-bucket.deadlock-api.com/assets-api-res/icons/minimap/neutral_vault_psd.png"
    },
    {
      "name": "dock_camp",
      "kind": "strong",
      "position": [
        -9248.0,
        0.0,
        288.869995
      ],
      "left_relative": 0.06994047619047619,
      "top_relative": 0.5,
      "icon": "https://assets-bucket.deadlock-api.com/assets-api-res/icons/minimap/neutral_large_psd.png"
    },
    {
      "name": "slums_garage_down_camp",
      "kind": "medium",
      "position": [
        -3318.0,
        -1260.0,
        256.0
      ],
      "left_relative": 0.345703125,
      "top_relative": 0.55859375,
      "icon": "https://assets-bucket.deadlock-api.com/assets-api-res/icons/minimap/neutral_medium_psd.png"
    },
    {
      "name": "dock_authority_camp",
      "kind": "weak",
      "position": [
        -7168.0,
        -1280.0,
        264.008179
      ],
      "left_relative": 0.16666666666666666,
      "top_relative": 0.5595238095238095,
      "icon": "https://assets-bucket.deadlock-api.com/assets-api-res/icons/minimap/neutral_small_psd.png"
    },
    {
      "name": "park_chapel_camp",
      "kind": "medium",
      "position": [
        7936.0,
        -2288.0,
        257.0
      ],
      "left_relative": 0.8690476190476191,
      "top_relative": 0.6063988095238095,
      "icon": "https://assets-bucket.deadlock-api.com/assets-api-res/icons/minimap/neutral_medium_psd.png"
    },
    {
      "name": "park_gate_camp",
      "kind": "strong",
      "position": [
        9184.0,
        0.0,
        256.0
      ],
      "left_relative": 0.9270833333333334,
      "top_relative": 0.5,
      "icon": "https://assets-bucket.deadlock-api.com/assets-api-res/icons/minimap/neutral_large_psd.png"
    },
    {
      "name": "theater_upstairs_02_camp",
      "kind": "medium",
      "position": [
        4736.0,
        3728.000244,
        944.0
      ],
      "left_relative": 0.7202380952380952,
      "top_relative": 0.3266368934151786,
      "icon": "https://assets-bucket.deadlock-api.com/assets-api-res/icons/minimap/neutral_medium_psd.png"
    },
    {
      "name": "park_club_camp",
      "kind": "weak",
      "position": [
        6304.0,
        964.0,
        264.008179
      ],
      "left_relative": 0.7931547619047619,
      "top_relative": 0.45517113095238093,
      "icon": "https://assets-bucket.deadlock-api.com/assets-api-res/icons/minimap/neutral_small_psd.png"
    },
    {
      "name": "construction_camp",
      "kind": "medium",
      "position": [
        -7958.770508,
        2040.120361,
        262.028259
      ],
      "left_relative": 0.12989348456101193,
      "top_relative": 0.40512833142671134,
      "icon": "https://assets-bucket.deadlock-api.com/assets-api-res/icons/minimap/neutral_medium_psd.png"
    },
    {
      "name": "slums_garage_up_camp",
      "kind": "vault",
      "position": [
        -3264.0,
        -1600.0,
        564.0
      ],
      "left_relative": 0.3482142857142857,
      "top_relative": 0.5744047619047619,
      "icon": "https://assets-bucket.deadlock-api.com/assets-api-res/icons/minimap/neutral_vault_psd.png"
    },
    {
      "name": "basketball_camp",
      "kind": "strong",
      "position": [
        -4916.0,
        -1792.0,
        264.009766
      ],
      "left_relative": 0.27139136904761907,
      "top_relative": 0.5833333333333334,
      "icon": "https://assets-bucket.deadlock-api.com/assets-api-res/icons/minimap/neutral_large_psd.png"
    },
    {
      "name": "slums_bodega_down_camp",
      "kind": "medium",
      "position": [
        -5024.0,
        -680.0,
        -128.0
      ],
      "left_relative": 0.2663690476190476,
      "top_relative": 0.5316220238095238,
      "icon": "https://assets-bucket.deadlock-api.com/assets-api-res/icons/minimap/neutral_medium_psd.png"
    },
    {
      "name": "theater_stage_01_camp",
      "kind": "strong",
      "position": [
        4544.0,
        1856.0,
        256.0
      ],
      "left_relative": 0.7113095238095238,
      "top_relative": 0.41369047619047616,
      "icon": "https://assets-bucket.deadlock-api.com/assets-api-res/icons/minimap/neutral_large_psd.png"
    },
    {
      "name": "theater_balcony_camp",
      "kind": "vault",
      "position": [
        4160.0,
        2784.0,
        1008.0
      ],
      "left_relative": 0.6934523809523809,
      "top_relative": 0.3705357142857143,
      "icon": "https://assets-bucket.deadlock-api.com/assets-api-res/icons/minimap/neutral_vault_psd.png"
    },
    {
      "name": "theater_down_camp",
      "kind": "medium",
      "position": [
        4288.0,
        1023.999939,
        -128.0
      ],
      "left_relative": 0.6994047619047619,
      "top_relative": 0.45238095521763394,
      "icon": "https://assets-bucket.deadlock-api.com/assets-api-res/icons/minimap/neutral_medium_psd.png"
    },
    {
      "name": "hq_01_camp",
      "kind": "medium",
      "position": [
        -4480.0,
        2560.0,
        264.017914
      ],
      "left_relative": 0.2916666666666667,
      "top_relative": 0.38095238095238093,
      "icon": "https://assets-bucket.deadlock-api.com/assets-api-res/icons/minimap/neutral_medium_psd.png"
    },
    {
      "name": "drug_store_camp",
      "kind": "vault",
      "position": [
        2208.0,
        -960.0,
        400.0
      ],
      "left_relative": 0.6026785714285714,
      "top_relative": 0.5446428571428571,
      "icon": "https://assets-bucket.deadlock-api.com/assets-api-res/icons/minimap/neutral_vault_psd.png"
    },
    {
      "name": "nursery_downstairs_camp",
      "kind": "medium",
      "position": [
        4480.0,
        -1920.0,
        264.017914
      ],
      "left_relative": 0.7083333333333334,
      "top_relative": 0.5892857142857143,
      "icon": "https://assets-bucket.deadlock-api.com/assets-api-res/icons/minimap/neutral_medium_psd.png"
    },
    {
      "name": "chinatown_street_camp",
      "kind": "strong",
      "position": [
        3872.0,
        -4000.0,
        376.008392
      ],
      "left_relative": 0.6800595238095238,
      "top_relative": 0.6860119047619048,
      "icon": "https://assets-bucket.deadlock-api.com/assets-api-res/icons/minimap/neutral_large_psd.png"
    },
    {
      "name": "slums_warehouse_camp",
      "kind": "strong",
      "position": [
        -3520.0,
        -4384.0,
        384.008179
      ],
      "left_relative": 0.33630952380952384,
      "top_relative": 0.7038690476190477,
      "icon": "https://assets-bucket.deadlock-api.com/assets-api-res/icons/minimap/neutral_large_psd.png"
    },
    {
      "name": "hotel_01_camp",
      "kind": "vault",
      "position": [
        -2220.0,
        1024.0,
        392.0
      ],
      "left_relative": 0.39676339285714285,
      "top_relative": 0.4523809523809524,
      "icon": "https://assets-bucket.deadlock-api.com/assets-api-res/icons/minimap/neutral_vault_psd.png"
    },
    {
      "name": "chinatown_fish_neutrals",
      "kind": "medium",
      "position": [
        1920.0,
        -3488.0,
        406.0
      ],
      "left_relative": 0.5892857142857143,
      "top_relative": 0.6622023809523809,
      "icon": "https://assets-bucket.deadlock-api.com/assets-api-res/icons/minimap/neutral_medium_psd.png"
    },
    {
      "name": "slums_storage_camp",
      "kind": "medium",
      "position": [
        -4480.0,
        -3840.0,
        384.0
      ],
      "left_relative": 0.2916666666666667,
      "top_relative": 0.6785714285714286,
      "icon": "https://assets-bucket.deadlock-api.com/assets-api-res/icons/minimap/neutral_medium_psd.png"
    },
    {
      "name": "park_library_roof_camp",
      "kind": "medium",
      "position": [
        5696.0,
        -1728.0,
        944.0
      ],
      "left_relative": 0.7648809523809523,
      "top_relative": 0.5803571428571429,
      "icon": "https://assets-bucket.deadlock-api.com/assets-api-res/icons/minimap/neutral_medium_psd.png"
    },
    {
      "name": "hq_roof_camp",
      "kind": "medium",
      "position": [
        -5696.0,
        1664.0,
        936.0
      ],
      "left_relative": 0.23511904761904762,
      "top_relative": 0.4226190476190476,
      "icon": "https://assets-bucket.deadlock-api.com/assets-api-res/icons/minimap/neutral_medium_psd.png"
    },
    {
      "name": "chinatown_bell_02_camp",
      "kind": "strong",
      "position": [
        3136.0,
        -3888.0,
        725.25
      ],
      "left_relative": 0.6458333333333334,
      "top_relative": 0.6808035714285714,
      "icon": "https://assets-bucket.deadlock-api.com/assets-api-res/icons/minimap/neutral_large_psd.png"
    },
    {
      "name": "sw_bodega_upstairs_camp",
      "kind": "medium",
      "position": [
        -5504.0,
        -3680.0,
        392.017944
      ],
      "left_relative": 0.24404761904761904,
      "top_relative": 0.6711309523809523,
      "icon": "https://assets-bucket.deadlock-api.com/assets-api-res/icons/minimap/neutral_medium_psd.png"
    },
    {
      "name": "ne_theater_upstairs_camp",
      "kind": "medium",
      "position": [
        5824.0,
        3984.0,
        384.000031
      ],
      "left_relative": 0.7708333333333334,
      "top_relative": 0.31473214285714285,
      "icon": "https://assets-bucket.deadlock-api.com/assets-api-res/icons/minimap/neutral_medium_psd.png"
    },
    {
      "name": "park_mansion_roof_camp",
      "kind": "medium",
      "position": [
        6304.0,
        2208.0,
        1000.0
      ],
      "left_relative": 0.7931547619047619,
      "top_relative": 0.39732142857142855,
      "icon": "https://assets-bucket.deadlock-api.com/assets-api-res/icons/minimap/neutral_medium_psd.png"
    },
    {
      "name": "slums_roof_camp",
      "kind": "medium",
      "position": [
        -5824.0,
        -2400.0,
        1088.000977
      ],
      "left_relative": 0.22916666666666666,
      "top_relative": 0.6116071428571429,
      "icon": "https://assets-bucket.deadlock-api.com/assets-api-res/icons/minimap/neutral_medium_psd.png"
    },
    {
      "name": "nw_utility_south_neutrals",
      "kind": "weak",
      "position": [
        -1296.946655,
        928.0,
        384.010864
      ],
      "left_relative": 0.4396881205822173,
      "top_relative": 0.4568452380952381,
      "icon": "https://assets-bucket.deadlock-api.com/assets-api-res/icons/minimap/neutral_small_psd.png"
    },
    {
      "name": "se_utility_neutrals",
      "kind": "weak",
      "position": [
        1408.0,
        -992.0,
        384.010864
      ],
      "left_relative": 0.5654761904761905,
      "top_relative": 0.5461309523809523,
      "icon": "https://assets-bucket.deadlock-api.com/assets-api-res/icons/minimap/neutral_small_psd.png"
    },
    {
      "name": "theater_stage_02_camp",
      "kind": "medium",
      "position": [
        3776.0,
        1856.0,
        256.0
      ],
      "left_relative": 0.6755952380952381,
      "top_relative": 0.41369047619047616,
      "icon": "https://assets-bucket.deadlock-api.com/assets-api-res/icons/minimap/neutral_medium_psd.png"
    },
    {
      "name": "chinatown_alley_camp",
      "kind": "strong",
      "position": [
        2392.0,
        -2792.0,
        376.0
      ],
      "left_relative": 0.6112351190476191,
      "top_relative": 0.6298363095238095,
      "icon": "https://assets-bucket.deadlock-api.com/assets-api-res/icons/minimap/neutral_large_psd.png"
    },
    {
      "name": "slums_alley_camp",
      "kind": "medium",
      "position": [
        -4000.0,
        -1696.0,
        248.0
      ],
      "left_relative": 0.31398809523809523,
      "top_relative": 0.5788690476190477,
      "icon": "https://assets-bucket.deadlock-api.com/assets-api-res/icons/minimap/neutral_medium_psd.png"
    },
    {
      "name": "park_library_vault",
      "kind": "vault",
      "position": [
        5792.000488,
        -1248.0,
        264.008118
      ],
      "left_relative": 0.7693452607886904,
      "top_relative": 0.5580357142857143,
      "icon": "https://assets-bucket.deadlock-api.com/assets-api-res/icons/minimap/neutral_vault_psd.png"
    },
    {
      "name": "york_radio_vault",
      "kind": "vault",
      "position": [
        -5728.0,
        1216.000122,
        256.0
      ],
      "left_relative": 0.23363095238095238,
      "top_relative": 0.4434523752790179,
      "icon": "https://assets-bucket.deadlock-api.com/assets-api-res/icons/minimap/neutral_vault_psd.png"
    },
    {
      "name": "dock_authority_vault",
      "kind": "vault",
      "position": [
        -5920.0,
        -1184.000244,
        264.026093
      ],
      "left_relative": 0.22470238095238096,
      "top_relative": 0.5550595351562501,
      "icon": "https://assets-bucket.deadlock-api.com/assets-api-res/icons/minimap/neutral_vault_psd.png"
    },
    {
      "name": "park_club_vault",
      "kind": "vault",
      "position": [
        5912.0,
        1348.0,
        264.026093
      ],
      "left_relative": 0.7749255952380952,
      "top_relative": 0.4373139880952381,
      "icon": "https://assets-bucket.deadlock-api.com/assets-api-res/icons/minimap/neutral_vault_psd.png"
    },
    {
      "name": "dept_store_camp",
      "kind": "medium",
      "position": [
        -1920.0,
        -864.0,
        256.0
      ],
      "left_relative": 0.4107142857142857,
      "top_relative": 0.5401785714285714,
      "icon": "https://assets-bucket.deadlock-api.com/assets-api-res/icons/minimap/neutral_medium_psd.png"
    },
    {
      "name": "oracle_camp",
      "kind": "medium",
      "position": [
        1952.0,
        832.0,
        256.016235
      ],
      "left_relative": 0.5907738095238095,
      "top_relative": 0.46130952380952384,
      "icon": "https://assets-bucket.deadlock-api.com/assets-api-res/icons/minimap/neutral_medium_psd.png"
    },
    {
      "name": "nw_bank_camp",
      "kind": "medium",
      "position": [
        -8624.0,
        4264.0,
        648.026062
      ],
      "left_relative": 0.09895833333333333,
      "top_relative": 0.30171130952380953,
      "icon": "https://assets-bucket.deadlock-api.com/assets-api-res/icons/minimap/neutral_medium_psd.png"
    },
    {
      "name": "sw_asylum_camp",
      "kind": "medium",
      "position": [
        8000.0,
        -4736.0,
        376.0
      ],
      "left_relative": 0.8720238095238095,
      "top_relative": 0.7202380952380952,
      "icon": "https://assets-bucket.deadlock-api.com/assets-api-res/icons/minimap/neutral_medium_psd.png"
    },
    {
      "name": "plaza_rink_02_camp",
      "kind": "medium",
      "position": [
        -2432.0,
        2560.0,
        -44.0
      ],
      "left_relative": 0.3869047619047619,
      "top_relative": 0.38095238095238093,
      "icon": "https://assets-bucket.deadlock-api.com/assets-api-res/icons/minimap/neutral_medium_psd.png"
    },
    {
      "name": "plaza_corner_camp",
      "kind": "strong",
      "position": [
        -3808.000977,
        4024.000488,
        384.0
      ],
      "left_relative": 0.3229166212332589,
      "top_relative": 0.31287200111607144,
      "icon": "https://assets-bucket.deadlock-api.com/assets-api-res/icons/minimap/neutral_large_psd.png"
    },
    {
      "name": "plaza_rink_03_camp",
      "kind": "strong",
      "position": [
        -832.0,
        3904.0,
        384.0
      ],
      "left_relative": 0.46130952380952384,
      "top_relative": 0.31845238095238093,
      "icon": "https://assets-bucket.deadlock-api.com/assets-api-res/icons/minimap/neutral_large_psd.png"
    },
    {
      "name": "plaza_rink_01_camp",
      "kind": "strong",
      "position": [
        -2976.0,
        2560.0,
        -44.0
      ],
      "left_relative": 0.36160714285714285,
      "top_relative": 0.38095238095238093,
      "icon": "https://assets-bucket.deadlock-api.com/assets-api-res/icons/minimap/neutral_large_psd.png"
    },
    {
      "name": "theater_lobby_camp",
      "kind": "medium",
      "position": [
        3808.0,
        3704.0,
        448.0
      ],
      "left_relative": 0.6770833333333334,
      "top_relative": 0.32775297619047616,
      "icon": "https://assets-bucket.deadlock-api.com/assets-api-res/icons/minimap/neutral_medium_psd.png"
    },
    {
      "name": "theater_upstairs_01_camp",
      "kind": "medium",
      "position": [
        3328.0,
        3712.0,
        944.0
      ],
      "left_relative": 0.6547619047619048,
      "top_relative": 0.3273809523809524,
      "icon": "https://assets-bucket.deadlock-api.com/assets-api-res/icons/minimap/neutral_medium_psd.png"
    },
    {
      "name": "plaza_pit_vault1",
      "kind": "vault",
      "position": [
        -2176.0,
        3040.0,
        -32.0
      ],
      "left_relative": 0.39880952380952384,
      "top_relative": 0.3586309523809524,
      "icon": "https://assets-bucket.deadlock-api.com/assets-api-res/icons/minimap/neutral_vault_psd.png"
    },
    {
      "name": "plaza_pit_vault2",
      "kind": "vault",
      "position": [
        -2176.0,
        2080.0,
        -32.0
      ],
      "left_relative": 0.39880952380952384,
      "top_relative": 0.40327380952380953,
      "icon": "https://assets-bucket.deadlock-api.com/assets-api-res/icons/minimap/neutral_vault_psd.png"
    }
  ]
}
